// Vitest Snapshot v1, https://vitest.dev/guide/snapshot.html

exports[`Testing SearchPage.test > should render SearchPage with default values 1`] = `
<div>
  <div
    class="text-center mb-8"
  >
    <h1
      class="text-5xl font-bold bg-gradient-to-r from-blue-600 to-purple-600 bg-clip-text text-transparent mb-4"
    >
      Búsqueda de Superheroes!
    </h1>
    <p
      class="text-gray-600 text-lg"
    >
      Descubre, explora, y administra tus superhéroes y villanos favoritos!
    </p>
  </div>
  <div>
    Loading...
  </div>
  <div
    data-testid="mocked-search-control"
  >
    Mocked SearchControls
  </div>
  <div
    data-testid="mocked-herogrid"
  >
    Mocked HeroGrid - Total heroes: 
    0
  </div>
</div>
`;
